Navigation.PbiBenchQuickOpenForm: construction, resize and scaled layout PASS
Semantic.PbiBenchSemanticViewForm: construction, resize and scaled layout PASS
Dax.PbiBenchDaxWorkbenchForm: construction, resize and scaled layout PASS
DAX Workbench: selection, results, history, cancellation and failure recovery PASS
DAX documents: files, conflicts, dirty state, cancelled dialogs and replacement guards PASS
T05/T06/T07: production orchestration, cancellation/UI message, ownership, diagnostics and retained bounds PASS
T08/T09: formatter denial/payload/script/UDF/stale/undo and atomic CSV/UI failures PASS (recording transport, no network)
PbiBench host smoke: FAIL
System.Collections.Generic.KeyNotFoundException: The given key was not present in the dictionary.
   at System.ThrowHelper.ThrowKeyNotFoundException()
   at System.Collections.Generic.Dictionary`2.get_Item(TKey key)
   at System.Linq.Enumerable.WhereSelectEnumerableIterator`2.MoveNext()
   at System.Linq.Enumerable.<OfTypeIterator>d__95`1.MoveNext()
   at System.Linq.Enumerable.FirstOrDefault[TSource](IEnumerable`1 source, Func`2 predicate)
   at TabularEditor.TOMWrapper.Table.InitMetadata(Table metadataObject, Model parent)
   at TabularEditor.TOMWrapper.Table.CreateNew(Model parent, String name)
   at TabularEditor.TOMWrapper.Model.AddTable(String name)
   at Rework01Smoke.Expressions() in D:\PROJ\TabularEditor_J\PbiBench.Host.Smoke\Rework01Smoke.cs:line 129
   at Rework01Smoke.Run() in D:\PROJ\TabularEditor_J\PbiBench.Host.Smoke\Rework01Smoke.cs:line 30
   at Program.Main() in D:\PROJ\TabularEditor_J\PbiBench.Host.Smoke\Program.cs:line 38
