MSBuild version 17.12.12+1cce77968 for .NET Framework

C:\Program Files (x86)\Microsoft Visual Studio\2022\BuildTools\MSBuild\Current\Bin\Microsoft.Common.CurrentVersion.targets(2413,5): warning MSB3277: Found conflicts between different versions of "Microsoft.Identity.Client.NativeInterop" that could not be resolved. [D:\PROJ\TabularEditor_J\TOMWrapper\TOMWrapper.csproj]
C:\Program Files (x86)\Microsoft Visual Studio\2022\BuildTools\MSBuild\Current\Bin\Microsoft.Common.CurrentVersion.targets(2413,5): warning MSB3277: There was a conflict between "Microsoft.Identity.Client.NativeInterop, Version=0.18.1.0, Culture=neutral, PublicKeyToken=0a613f4dd989e8ae, processorArchitecture=MSIL" and "Microsoft.Identity.Client.NativeInterop, Version=0.20.2.0, Culture=neutral, PublicKeyToken=0a613f4dd989e8ae". [D:\PROJ\TabularEditor_J\TOMWrapper\TOMWrapper.csproj]
C:\Program Files (x86)\Microsoft Visual Studio\2022\BuildTools\MSBuild\Current\Bin\Microsoft.Common.CurrentVersion.targets(2413,5): warning MSB3277:     "Microsoft.Identity.Client.NativeInterop, Version=0.18.1.0, Culture=neutral, PublicKeyToken=0a613f4dd989e8ae, processorArchitecture=MSIL" was chosen because it was primary and "Microsoft.Identity.Client.NativeInterop, Version=0.20.2.0, Culture=neutral, PublicKeyToken=0a613f4dd989e8ae" was not. [D:\PROJ\TabularEditor_J\TOMWrapper\TOMWrapper.csproj]
C:\Program Files (x86)\Microsoft Visual Studio\2022\BuildTools\MSBuild\Current\Bin\Microsoft.Common.CurrentVersion.targets(2413,5): warning MSB3277:     References which depend on "Microsoft.Identity.Client.NativeInterop, Version=0.18.1.0, Culture=neutral, PublicKeyToken=0a613f4dd989e8ae, processorArchitecture=MSIL" []. [D:\PROJ\TabularEditor_J\TOMWrapper\TOMWrapper.csproj]
C:\Program Files (x86)\Microsoft Visual Studio\2022\BuildTools\MSBuild\Current\Bin\Microsoft.Common.CurrentVersion.targets(2413,5): warning MSB3277:         Unresolved primary reference with an item include of "Microsoft.Identity.Client.NativeInterop, Version=0.18.1.0, Culture=neutral, PublicKeyToken=0a613f4dd989e8ae, processorArchitecture=MSIL". [D:\PROJ\TabularEditor_J\TOMWrapper\TOMWrapper.csproj]
C:\Program Files (x86)\Microsoft Visual Studio\2022\BuildTools\MSBuild\Current\Bin\Microsoft.Common.CurrentVersion.targets(2413,5): warning MSB3277:     References which depend on or have been unified to "Microsoft.Identity.Client.NativeInterop, Version=0.20.2.0, Culture=neutral, PublicKeyToken=0a613f4dd989e8ae" []. [D:\PROJ\TabularEditor_J\TOMWrapper\TOMWrapper.csproj]
C:\Program Files (x86)\Microsoft Visual Studio\2022\BuildTools\MSBuild\Current\Bin\Microsoft.Common.CurrentVersion.targets(2413,5): warning MSB3277:         D:\PROJ\TabularEditor_J\packages\Microsoft.Identity.Client.Broker.4.82.1\lib\net462\Microsoft.Identity.Client.Broker.dll [D:\PROJ\TabularEditor_J\TOMWrapper\TOMWrapper.csproj]
C:\Program Files (x86)\Microsoft Visual Studio\2022\BuildTools\MSBuild\Current\Bin\Microsoft.Common.CurrentVersion.targets(2413,5): warning MSB3277:           Project file item includes which caused reference "D:\PROJ\TabularEditor_J\packages\Microsoft.Identity.Client.Broker.4.82.1\lib\net462\Microsoft.Identity.Client.Broker.dll". [D:\PROJ\TabularEditor_J\TOMWrapper\TOMWrapper.csproj]
C:\Program Files (x86)\Microsoft Visual Studio\2022\BuildTools\MSBuild\Current\Bin\Microsoft.Common.CurrentVersion.targets(2413,5): warning MSB3277:             Microsoft.Identity.Client.Broker, Version=4.82.1.0, Culture=neutral, PublicKeyToken=0a613f4dd989e8ae, processorArchitecture=MSIL [D:\PROJ\TabularEditor_J\TOMWrapper\TOMWrapper.csproj]
C:\Program Files (x86)\Microsoft Visual Studio\2022\BuildTools\MSBuild\Current\Bin\Microsoft.Common.CurrentVersion.targets(2413,5): warning MSB3277:             Microsoft.AnalysisServices.Core, Version=19.112.0.0, Culture=neutral, PublicKeyToken=89845dcd8080cc91, processorArchitecture=MSIL [D:\PROJ\TabularEditor_J\TOMWrapper\TOMWrapper.csproj]
C:\Program Files (x86)\Microsoft Visual Studio\2022\BuildTools\MSBuild\Current\Bin\Microsoft.Common.CurrentVersion.targets(2413,5): warning MSB3277:             Microsoft.AnalysisServices, Version=19.112.0.0, Culture=neutral, PublicKeyToken=89845dcd8080cc91, processorArchitecture=MSIL [D:\PROJ\TabularEditor_J\TOMWrapper\TOMWrapper.csproj]
C:\Program Files (x86)\Microsoft Visual Studio\2022\BuildTools\MSBuild\Current\Bin\Microsoft.Common.CurrentVersion.targets(2413,5): warning MSB3277:             Microsoft.AnalysisServices.Tabular, Version=19.112.0.0, Culture=neutral, PublicKeyToken=89845dcd8080cc91, processorArchitecture=MSIL [D:\PROJ\TabularEditor_J\TOMWrapper\TOMWrapper.csproj]
  TOMWrapper -> D:\PROJ\TabularEditor_J\TOMWrapper\bin\Release\TOMWrapper.dll
  PbiBench.Core -> D:\PROJ\TabularEditor_J\PbiBench.Core\bin\Release\netstandard2.0\PbiBench.Core.dll
C:\Program Files (x86)\Microsoft Visual Studio\2022\BuildTools\MSBuild\Current\Bin\Microsoft.Common.CurrentVersion.targets(2413,5): warning MSB3243: No way to resolve conflict between "Antlr4.Runtime, Version=4.6.0.0, Culture=neutral, PublicKeyToken=09abb75b9ed49849" and "Antlr4.Runtime". Choosing "Antlr4.Runtime, Version=4.6.0.0, Culture=neutral, PublicKeyToken=09abb75b9ed49849" arbitrarily. [D:\PROJ\TabularEditor_J\TabularEditor\TabularEditor.csproj]
  TabularEditor -> D:\PROJ\TabularEditor_J\TabularEditor\bin\Release\TabularEditor.exe
D:\PROJ\TabularEditor_J\TabularEditorTest\BestPracticeAnalyzer\AnalyzerTests.cs(5,17): error CS0234: The type or namespace name 'VisualStudio' does not exist in the namespace 'Microsoft' (are you missing an assembly reference?) [D:\PROJ\TabularEditor_J\TabularEditorTest\TabularEditorTest.csproj]
D:\PROJ\TabularEditor_J\TabularEditorTest\BestPracticeAnalyzer\FileTests.cs(4,17): error CS0234: The type or namespace name 'VisualStudio' does not exist in the namespace 'Microsoft' (are you missing an assembly reference?) [D:\PROJ\TabularEditor_J\TabularEditorTest\TabularEditorTest.csproj]
D:\PROJ\TabularEditor_J\TabularEditorTest\Constants.cs(1,17): error CS0234: The type or namespace name 'VisualStudio' does not exist in the namespace 'Microsoft' (are you missing an assembly reference?) [D:\PROJ\TabularEditor_J\TabularEditorTest\TabularEditorTest.csproj]
D:\PROJ\TabularEditor_J\TabularEditorTest\RegressionTests\Regression_2_8_5_tests.cs(6,17): error CS0234: The type or namespace name 'VisualStudio' does not exist in the namespace 'Microsoft' (are you missing an assembly reference?) [D:\PROJ\TabularEditor_J\TabularEditorTest\TabularEditorTest.csproj]
D:\PROJ\TabularEditor_J\TabularEditorTest\RegressionTests\Regression_2_8_1_tests.cs(5,17): error CS0234: The type or namespace name 'VisualStudio' does not exist in the namespace 'Microsoft' (are you missing an assembly reference?) [D:\PROJ\TabularEditor_J\TabularEditorTest\TabularEditorTest.csproj]
D:\PROJ\TabularEditor_J\TabularEditorTest\ReportedIssues\Issue_0460.cs(1,17): error CS0234: The type or namespace name 'VisualStudio' does not exist in the namespace 'Microsoft' (are you missing an assembly reference?) [D:\PROJ\TabularEditor_J\TabularEditorTest\TabularEditorTest.csproj]
D:\PROJ\TabularEditor_J\TabularEditorTest\ScriptParser\ScriptParserTests.cs(1,17): error CS0234: The type or namespace name 'VisualStudio' does not exist in the namespace 'Microsoft' (are you missing an assembly reference?) [D:\PROJ\TabularEditor_J\TabularEditorTest\TabularEditorTest.csproj]
D:\PROJ\TabularEditor_J\TabularEditorTest\ScriptEngineTests.cs(4,17): error CS0234: The type or namespace name 'VisualStudio' does not exist in the namespace 'Microsoft' (are you missing an assembly reference?) [D:\PROJ\TabularEditor_J\TabularEditorTest\TabularEditorTest.csproj]
D:\PROJ\TabularEditor_J\TabularEditorTest\TabularUITree\LinqFilterTests.cs(6,17): error CS0234: The type or namespace name 'VisualStudio' does not exist in the namespace 'Microsoft' (are you missing an assembly reference?) [D:\PROJ\TabularEditor_J\TabularEditorTest\TabularEditorTest.csproj]
D:\PROJ\TabularEditor_J\TabularEditorTest\TabularUITree\GetPathTests.cs(4,17): error CS0234: The type or namespace name 'VisualStudio' does not exist in the namespace 'Microsoft' (are you missing an assembly reference?) [D:\PROJ\TabularEditor_J\TabularEditorTest\TabularEditorTest.csproj]
D:\PROJ\TabularEditor_J\TabularEditorTest\CLITests.cs(5,17): error CS0234: The type or namespace name 'VisualStudio' does not exist in the namespace 'Microsoft' (are you missing an assembly reference?) [D:\PROJ\TabularEditor_J\TabularEditorTest\TabularEditorTest.csproj]
D:\PROJ\TabularEditor_J\TabularEditorTest\ScriptHelperTests.cs(4,17): error CS0234: The type or namespace name 'VisualStudio' does not exist in the namespace 'Microsoft' (are you missing an assembly reference?) [D:\PROJ\TabularEditor_J\TabularEditorTest\TabularEditorTest.csproj]
D:\PROJ\TabularEditor_J\TabularEditorTest\UpdateServiceTests.cs(2,17): error CS0234: The type or namespace name 'VisualStudio' does not exist in the namespace 'Microsoft' (are you missing an assembly reference?) [D:\PROJ\TabularEditor_J\TabularEditorTest\TabularEditorTest.csproj]
D:\PROJ\TabularEditor_J\TabularEditorTest\TabularUITree\GetPathTests.cs(9,6): error CS0246: The type or namespace name 'TestClassAttribute' could not be found (are you missing a using directive or an assembly reference?) [D:\PROJ\TabularEditor_J\TabularEditorTest\TabularEditorTest.csproj]
D:\PROJ\TabularEditor_J\TabularEditorTest\TabularUITree\GetPathTests.cs(9,6): error CS0246: The type or namespace name 'TestClass' could not be found (are you missing a using directive or an assembly reference?) [D:\PROJ\TabularEditor_J\TabularEditorTest\TabularEditorTest.csproj]
D:\PROJ\TabularEditor_J\TabularEditorTest\ScriptEngineTests.cs(8,6): error CS0246: The type or namespace name 'TestClassAttribute' could not be found (are you missing a using directive or an assembly reference?) [D:\PROJ\TabularEditor_J\TabularEditorTest\TabularEditorTest.csproj]
D:\PROJ\TabularEditor_J\TabularEditorTest\ScriptEngineTests.cs(8,6): error CS0246: The type or namespace name 'TestClass' could not be found (are you missing a using directive or an assembly reference?) [D:\PROJ\TabularEditor_J\TabularEditorTest\TabularEditorTest.csproj]
D:\PROJ\TabularEditor_J\TabularEditorTest\CLITests.cs(11,6): error CS0246: The type or namespace name 'TestClassAttribute' could not be found (are you missing a using directive or an assembly reference?) [D:\PROJ\TabularEditor_J\TabularEditorTest\TabularEditorTest.csproj]
D:\PROJ\TabularEditor_J\TabularEditorTest\CLITests.cs(11,6): error CS0246: The type or namespace name 'TestClass' could not be found (are you missing a using directive or an assembly reference?) [D:\PROJ\TabularEditor_J\TabularEditorTest\TabularEditorTest.csproj]
D:\PROJ\TabularEditor_J\TabularEditorTest\BestPracticeAnalyzer\FileTests.cs(10,6): error CS0246: The type or namespace name 'TestClassAttribute' could not be found (are you missing a using directive or an assembly reference?) [D:\PROJ\TabularEditor_J\TabularEditorTest\TabularEditorTest.csproj]
D:\PROJ\TabularEditor_J\TabularEditorTest\BestPracticeAnalyzer\FileTests.cs(10,6): error CS0246: The type or namespace name 'TestClass' could not be found (are you missing a using directive or an assembly reference?) [D:\PROJ\TabularEditor_J\TabularEditorTest\TabularEditorTest.csproj]
D:\PROJ\TabularEditor_J\TabularEditorTest\TabularUITree\GetPathTests.cs(12,10): error CS0246: The type or namespace name 'TestMethodAttribute' could not be found (are you missing a using directive or an assembly reference?) [D:\PROJ\TabularEditor_J\TabularEditorTest\TabularEditorTest.csproj]
D:\PROJ\TabularEditor_J\TabularEditorTest\TabularUITree\GetPathTests.cs(12,10): error CS0246: The type or namespace name 'TestMethod' could not be found (are you missing a using directive or an assembly reference?) [D:\PROJ\TabularEditor_J\TabularEditorTest\TabularEditorTest.csproj]
D:\PROJ\TabularEditor_J\TabularEditorTest\TabularUITree\LinqFilterTests.cs(11,6): error CS0246: The type or namespace name 'TestClassAttribute' could not be found (are you missing a using directive or an assembly reference?) [D:\PROJ\TabularEditor_J\TabularEditorTest\TabularEditorTest.csproj]
D:\PROJ\TabularEditor_J\TabularEditorTest\TabularUITree\LinqFilterTests.cs(11,6): error CS0246: The type or namespace name 'TestClass' could not be found (are you missing a using directive or an assembly reference?) [D:\PROJ\TabularEditor_J\TabularEditorTest\TabularEditorTest.csproj]
D:\PROJ\TabularEditor_J\TabularEditorTest\ReportedIssues\Issue_0460.cs(10,6): error CS0246: The type or namespace name 'TestClassAttribute' could not be found (are you missing a using directive or an assembly reference?) [D:\PROJ\TabularEditor_J\TabularEditorTest\TabularEditorTest.csproj]
D:\PROJ\TabularEditor_J\TabularEditorTest\ReportedIssues\Issue_0460.cs(10,6): error CS0246: The type or namespace name 'TestClass' could not be found (are you missing a using directive or an assembly reference?) [D:\PROJ\TabularEditor_J\TabularEditorTest\TabularEditorTest.csproj]
D:\PROJ\TabularEditor_J\TabularEditorTest\TabularUITree\GetPathTests.cs(53,10): error CS0246: The type or namespace name 'TestMethodAttribute' could not be found (are you missing a using directive or an assembly reference?) [D:\PROJ\TabularEditor_J\TabularEditorTest\TabularEditorTest.csproj]
D:\PROJ\TabularEditor_J\TabularEditorTest\TabularUITree\GetPathTests.cs(53,10): error CS0246: The type or namespace name 'TestMethod' could not be found (are you missing a using directive or an assembly reference?) [D:\PROJ\TabularEditor_J\TabularEditorTest\TabularEditorTest.csproj]
D:\PROJ\TabularEditor_J\TabularEditorTest\ScriptEngineTests.cs(11,10): error CS0246: The type or namespace name 'TestInitializeAttribute' could not be found (are you missing a using directive or an assembly reference?) [D:\PROJ\TabularEditor_J\TabularEditorTest\TabularEditorTest.csproj]
D:\PROJ\TabularEditor_J\TabularEditorTest\ScriptEngineTests.cs(11,10): error CS0246: The type or namespace name 'TestInitialize' could not be found (are you missing a using directive or an assembly reference?) [D:\PROJ\TabularEditor_J\TabularEditorTest\TabularEditorTest.csproj]
D:\PROJ\TabularEditor_J\TabularEditorTest\TabularUITree\LinqFilterTests.cs(14,10): error CS0246: The type or namespace name 'TestMethodAttribute' could not be found (are you missing a using directive or an assembly reference?) [D:\PROJ\TabularEditor_J\TabularEditorTest\TabularEditorTest.csproj]
D:\PROJ\TabularEditor_J\TabularEditorTest\TabularUITree\LinqFilterTests.cs(14,10): error CS0246: The type or namespace name 'TestMethod' could not be found (are you missing a using directive or an assembly reference?) [D:\PROJ\TabularEditor_J\TabularEditorTest\TabularEditorTest.csproj]
D:\PROJ\TabularEditor_J\TabularEditorTest\ScriptEngineTests.cs(17,10): error CS0246: The type or namespace name 'TestMethodAttribute' could not be found (are you missing a using directive or an assembly reference?) [D:\PROJ\TabularEditor_J\TabularEditorTest\TabularEditorTest.csproj]
D:\PROJ\TabularEditor_J\TabularEditorTest\ScriptEngineTests.cs(17,10): error CS0246: The type or namespace name 'TestMethod' could not be found (are you missing a using directive or an assembly reference?) [D:\PROJ\TabularEditor_J\TabularEditorTest\TabularEditorTest.csproj]
D:\PROJ\TabularEditor_J\TabularEditorTest\ReportedIssues\Issue_0460.cs(13,10): error CS0246: The type or namespace name 'TestMethodAttribute' could not be found (are you missing a using directive or an assembly reference?) [D:\PROJ\TabularEditor_J\TabularEditorTest\TabularEditorTest.csproj]
D:\PROJ\TabularEditor_J\TabularEditorTest\TabularUITree\LinqFilterTests.cs(30,10): error CS0246: The type or namespace name 'TestMethodAttribute' could not be found (are you missing a using directive or an assembly reference?) [D:\PROJ\TabularEditor_J\TabularEditorTest\TabularEditorTest.csproj]
D:\PROJ\TabularEditor_J\TabularEditorTest\ReportedIssues\Issue_0460.cs(13,10): error CS0246: The type or namespace name 'TestMethod' could not be found (are you missing a using directive or an assembly reference?) [D:\PROJ\TabularEditor_J\TabularEditorTest\TabularEditorTest.csproj]
D:\PROJ\TabularEditor_J\TabularEditorTest\TabularUITree\LinqFilterTests.cs(30,10): error CS0246: The type or namespace name 'TestMethod' could not be found (are you missing a using directive or an assembly reference?) [D:\PROJ\TabularEditor_J\TabularEditorTest\TabularEditorTest.csproj]
D:\PROJ\TabularEditor_J\TabularEditorTest\TabularUITree\GetPathTests.cs(95,10): error CS0246: The type or namespace name 'TestMethodAttribute' could not be found (are you missing a using directive or an assembly reference?) [D:\PROJ\TabularEditor_J\TabularEditorTest\TabularEditorTest.csproj]
D:\PROJ\TabularEditor_J\TabularEditorTest\TabularUITree\GetPathTests.cs(95,10): error CS0246: The type or namespace name 'TestMethod' could not be found (are you missing a using directive or an assembly reference?) [D:\PROJ\TabularEditor_J\TabularEditorTest\TabularEditorTest.csproj]
D:\PROJ\TabularEditor_J\TabularEditorTest\ScriptEngineTests.cs(31,10): error CS0246: The type or namespace name 'TestMethodAttribute' could not be found (are you missing a using directive or an assembly reference?) [D:\PROJ\TabularEditor_J\TabularEditorTest\TabularEditorTest.csproj]
D:\PROJ\TabularEditor_J\TabularEditorTest\ScriptEngineTests.cs(31,10): error CS0246: The type or namespace name 'TestMethod' could not be found (are you missing a using directive or an assembly reference?) [D:\PROJ\TabularEditor_J\TabularEditorTest\TabularEditorTest.csproj]
D:\PROJ\TabularEditor_J\TabularEditorTest\TabularUITree\LinqFilterTests.cs(46,10): error CS0246: The type or namespace name 'TestMethodAttribute' could not be found (are you missing a using directive or an assembly reference?) [D:\PROJ\TabularEditor_J\TabularEditorTest\TabularEditorTest.csproj]
D:\PROJ\TabularEditor_J\TabularEditorTest\TabularUITree\LinqFilterTests.cs(46,10): error CS0246: The type or namespace name 'TestMethod' could not be found (are you missing a using directive or an assembly reference?) [D:\PROJ\TabularEditor_J\TabularEditorTest\TabularEditorTest.csproj]
D:\PROJ\TabularEditor_J\TabularEditorTest\ScriptEngineTests.cs(38,10): error CS0246: The type or namespace name 'TestMethodAttribute' could not be found (are you missing a using directive or an assembly reference?) [D:\PROJ\TabularEditor_J\TabularEditorTest\TabularEditorTest.csproj]
D:\PROJ\TabularEditor_J\TabularEditorTest\ScriptEngineTests.cs(38,10): error CS0246: The type or namespace name 'TestMethod' could not be found (are you missing a using directive or an assembly reference?) [D:\PROJ\TabularEditor_J\TabularEditorTest\TabularEditorTest.csproj]
D:\PROJ\TabularEditor_J\TabularEditorTest\CLITests.cs(14,10): error CS0246: The type or namespace name 'TestMethodAttribute' could not be found (are you missing a using directive or an assembly reference?) [D:\PROJ\TabularEditor_J\TabularEditorTest\TabularEditorTest.csproj]
D:\PROJ\TabularEditor_J\TabularEditorTest\CLITests.cs(14,10): error CS0246: The type or namespace name 'TestMethod' could not be found (are you missing a using directive or an assembly reference?) [D:\PROJ\TabularEditor_J\TabularEditorTest\TabularEditorTest.csproj]
D:\PROJ\TabularEditor_J\TabularEditorTest\ScriptEngineTests.cs(48,10): error CS0246: The type or namespace name 'TestMethodAttribute' could not be found (are you missing a using directive or an assembly reference?) [D:\PROJ\TabularEditor_J\TabularEditorTest\TabularEditorTest.csproj]
D:\PROJ\TabularEditor_J\TabularEditorTest\ScriptEngineTests.cs(48,10): error CS0246: The type or namespace name 'TestMethod' could not be found (are you missing a using directive or an assembly reference?) [D:\PROJ\TabularEditor_J\TabularEditorTest\TabularEditorTest.csproj]
D:\PROJ\TabularEditor_J\TabularEditorTest\CLITests.cs(22,10): error CS0246: The type or namespace name 'TestMethodAttribute' could not be found (are you missing a using directive or an assembly reference?) [D:\PROJ\TabularEditor_J\TabularEditorTest\TabularEditorTest.csproj]
D:\PROJ\TabularEditor_J\TabularEditorTest\CLITests.cs(22,10): error CS0246: The type or namespace name 'TestMethod' could not be found (are you missing a using directive or an assembly reference?) [D:\PROJ\TabularEditor_J\TabularEditorTest\TabularEditorTest.csproj]
D:\PROJ\TabularEditor_J\TabularEditorTest\ScriptEngineTests.cs(62,10): error CS0246: The type or namespace name 'TestMethodAttribute' could not be found (are you missing a using directive or an assembly reference?) [D:\PROJ\TabularEditor_J\TabularEditorTest\TabularEditorTest.csproj]
D:\PROJ\TabularEditor_J\TabularEditorTest\ScriptEngineTests.cs(62,10): error CS0246: The type or namespace name 'TestMethod' could not be found (are you missing a using directive or an assembly reference?) [D:\PROJ\TabularEditor_J\TabularEditorTest\TabularEditorTest.csproj]
D:\PROJ\TabularEditor_J\TabularEditorTest\BestPracticeAnalyzer\FileTests.cs(270,10): error CS0246: The type or namespace name 'TestInitializeAttribute' could not be found (are you missing a using directive or an assembly reference?) [D:\PROJ\TabularEditor_J\TabularEditorTest\TabularEditorTest.csproj]
D:\PROJ\TabularEditor_J\TabularEditorTest\BestPracticeAnalyzer\FileTests.cs(270,10): error CS0246: The type or namespace name 'TestInitialize' could not be found (are you missing a using directive or an assembly reference?) [D:\PROJ\TabularEditor_J\TabularEditorTest\TabularEditorTest.csproj]
D:\PROJ\TabularEditor_J\TabularEditorTest\ScriptEngineTests.cs(69,10): error CS0246: The type or namespace name 'TestMethodAttribute' could not be found (are you missing a using directive or an assembly reference?) [D:\PROJ\TabularEditor_J\TabularEditorTest\TabularEditorTest.csproj]
D:\PROJ\TabularEditor_J\TabularEditorTest\ScriptEngineTests.cs(69,10): error CS0246: The type or namespace name 'TestMethod' could not be found (are you missing a using directive or an assembly reference?) [D:\PROJ\TabularEditor_J\TabularEditorTest\TabularEditorTest.csproj]
D:\PROJ\TabularEditor_J\TabularEditorTest\CLITests.cs(52,10): error CS0246: The type or namespace name 'TestMethodAttribute' could not be found (are you missing a using directive or an assembly reference?) [D:\PROJ\TabularEditor_J\TabularEditorTest\TabularEditorTest.csproj]
D:\PROJ\TabularEditor_J\TabularEditorTest\CLITests.cs(52,10): error CS0246: The type or namespace name 'TestMethod' could not be found (are you missing a using directive or an assembly reference?) [D:\PROJ\TabularEditor_J\TabularEditorTest\TabularEditorTest.csproj]
D:\PROJ\TabularEditor_J\TabularEditorTest\RegressionTests\Regression_2_8_5_tests.cs(11,6): error CS0246: The type or namespace name 'TestClassAttribute' could not be found (are you missing a using directive or an assembly reference?) [D:\PROJ\TabularEditor_J\TabularEditorTest\TabularEditorTest.csproj]
D:\PROJ\TabularEditor_J\TabularEditorTest\RegressionTests\Regression_2_8_5_tests.cs(11,6): error CS0246: The type or namespace name 'TestClass' could not be found (are you missing a using directive or an assembly reference?) [D:\PROJ\TabularEditor_J\TabularEditorTest\TabularEditorTest.csproj]
D:\PROJ\TabularEditor_J\TabularEditorTest\ScriptEngineTests.cs(81,10): error CS0246: The type or namespace name 'TestMethodAttribute' could not be found (are you missing a using directive or an assembly reference?) [D:\PROJ\TabularEditor_J\TabularEditorTest\TabularEditorTest.csproj]
D:\PROJ\TabularEditor_J\TabularEditorTest\ScriptEngineTests.cs(81,10): error CS0246: The type or namespace name 'TestMethod' could not be found (are you missing a using directive or an assembly reference?) [D:\PROJ\TabularEditor_J\TabularEditorTest\TabularEditorTest.csproj]
D:\PROJ\TabularEditor_J\TabularEditorTest\BestPracticeAnalyzer\FileTests.cs(289,10): error CS0246: The type or namespace name 'TestCleanupAttribute' could not be found (are you missing a using directive or an assembly reference?) [D:\PROJ\TabularEditor_J\TabularEditorTest\TabularEditorTest.csproj]
D:\PROJ\TabularEditor_J\TabularEditorTest\BestPracticeAnalyzer\FileTests.cs(289,10): error CS0246: The type or namespace name 'TestCleanup' could not be found (are you missing a using directive or an assembly reference?) [D:\PROJ\TabularEditor_J\TabularEditorTest\TabularEditorTest.csproj]
D:\PROJ\TabularEditor_J\TabularEditorTest\CLITests.cs(68,10): error CS0246: The type or namespace name 'TestMethodAttribute' could not be found (are you missing a using directive or an assembly reference?) [D:\PROJ\TabularEditor_J\TabularEditorTest\TabularEditorTest.csproj]
D:\PROJ\TabularEditor_J\TabularEditorTest\CLITests.cs(68,10): error CS0246: The type or namespace name 'TestMethod' could not be found (are you missing a using directive or an assembly reference?) [D:\PROJ\TabularEditor_J\TabularEditorTest\TabularEditorTest.csproj]
D:\PROJ\TabularEditor_J\TabularEditorTest\ScriptEngineTests.cs(95,10): error CS0246: The type or namespace name 'TestMethodAttribute' could not be found (are you missing a using directive or an assembly reference?) [D:\PROJ\TabularEditor_J\TabularEditorTest\TabularEditorTest.csproj]
D:\PROJ\TabularEditor_J\TabularEditorTest\ScriptEngineTests.cs(95,10): error CS0246: The type or namespace name 'TestMethod' could not be found (are you missing a using directive or an assembly reference?) [D:\PROJ\TabularEditor_J\TabularEditorTest\TabularEditorTest.csproj]
D:\PROJ\TabularEditor_J\TabularEditorTest\BestPracticeAnalyzer\FileTests.cs(299,10): error CS0246: The type or namespace name 'TestMethodAttribute' could not be found (are you missing a using directive or an assembly reference?) [D:\PROJ\TabularEditor_J\TabularEditorTest\TabularEditorTest.csproj]
D:\PROJ\TabularEditor_J\TabularEditorTest\BestPracticeAnalyzer\FileTests.cs(299,10): error CS0246: The type or namespace name 'TestMethod' could not be found (are you missing a using directive or an assembly reference?) [D:\PROJ\TabularEditor_J\TabularEditorTest\TabularEditorTest.csproj]
D:\PROJ\TabularEditor_J\TabularEditorTest\ScriptEngineTests.cs(102,10): error CS0246: The type or namespace name 'TestMethodAttribute' could not be found (are you missing a using directive or an assembly reference?) [D:\PROJ\TabularEditor_J\TabularEditorTest\TabularEditorTest.csproj]
D:\PROJ\TabularEditor_J\TabularEditorTest\ScriptEngineTests.cs(102,10): error CS0246: The type or namespace name 'TestMethod' could not be found (are you missing a using directive or an assembly reference?) [D:\PROJ\TabularEditor_J\TabularEditorTest\TabularEditorTest.csproj]
D:\PROJ\TabularEditor_J\TabularEditorTest\CLITests.cs(82,10): error CS0246: The type or namespace name 'TestMethodAttribute' could not be found (are you missing a using directive or an assembly reference?) [D:\PROJ\TabularEditor_J\TabularEditorTest\TabularEditorTest.csproj]
D:\PROJ\TabularEditor_J\TabularEditorTest\CLITests.cs(82,10): error CS0246: The type or namespace name 'TestMethod' could not be found (are you missing a using directive or an assembly reference?) [D:\PROJ\TabularEditor_J\TabularEditorTest\TabularEditorTest.csproj]
D:\PROJ\TabularEditor_J\TabularEditorTest\ScriptEngineTests.cs(112,10): error CS0246: The type or namespace name 'TestMethodAttribute' could not be found (are you missing a using directive or an assembly reference?) [D:\PROJ\TabularEditor_J\TabularEditorTest\TabularEditorTest.csproj]
D:\PROJ\TabularEditor_J\TabularEditorTest\ScriptEngineTests.cs(112,10): error CS0246: The type or namespace name 'TestMethod' could not be found (are you missing a using directive or an assembly reference?) [D:\PROJ\TabularEditor_J\TabularEditorTest\TabularEditorTest.csproj]
D:\PROJ\TabularEditor_J\TabularEditorTest\CLITests.cs(96,10): error CS0246: The type or namespace name 'TestMethodAttribute' could not be found (are you missing a using directive or an assembly reference?) [D:\PROJ\TabularEditor_J\TabularEditorTest\TabularEditorTest.csproj]
D:\PROJ\TabularEditor_J\TabularEditorTest\CLITests.cs(96,10): error CS0246: The type or namespace name 'TestMethod' could not be found (are you missing a using directive or an assembly reference?) [D:\PROJ\TabularEditor_J\TabularEditorTest\TabularEditorTest.csproj]
D:\PROJ\TabularEditor_J\TabularEditorTest\RegressionTests\Regression_2_8_5_tests.cs(14,10): error CS0246: The type or namespace name 'TestMethodAttribute' could not be found (are you missing a using directive or an assembly reference?) [D:\PROJ\TabularEditor_J\TabularEditorTest\TabularEditorTest.csproj]
D:\PROJ\TabularEditor_J\TabularEditorTest\RegressionTests\Regression_2_8_5_tests.cs(14,10): error CS0246: The type or namespace name 'TestMethod' could not be found (are you missing a using directive or an assembly reference?) [D:\PROJ\TabularEditor_J\TabularEditorTest\TabularEditorTest.csproj]
D:\PROJ\TabularEditor_J\TabularEditorTest\ScriptEngineTests.cs(126,10): error CS0246: The type or namespace name 'TestMethodAttribute' could not be found (are you missing a using directive or an assembly reference?) [D:\PROJ\TabularEditor_J\TabularEditorTest\TabularEditorTest.csproj]
D:\PROJ\TabularEditor_J\TabularEditorTest\ScriptEngineTests.cs(126,10): error CS0246: The type or namespace name 'TestMethod' could not be found (are you missing a using directive or an assembly reference?) [D:\PROJ\TabularEditor_J\TabularEditorTest\TabularEditorTest.csproj]
D:\PROJ\TabularEditor_J\TabularEditorTest\UpdateServiceTests.cs(7,6): error CS0246: The type or namespace name 'TestClassAttribute' could not be found (are you missing a using directive or an assembly reference?) [D:\PROJ\TabularEditor_J\TabularEditorTest\TabularEditorTest.csproj]
D:\PROJ\TabularEditor_J\TabularEditorTest\UpdateServiceTests.cs(7,6): error CS0246: The type or namespace name 'TestClass' could not be found (are you missing a using directive or an assembly reference?) [D:\PROJ\TabularEditor_J\TabularEditorTest\TabularEditorTest.csproj]
D:\PROJ\TabularEditor_J\TabularEditorTest\RegressionTests\Regression_2_8_5_tests.cs(52,10): error CS0246: The type or namespace name 'TestMethodAttribute' could not be found (are you missing a using directive or an assembly reference?) [D:\PROJ\TabularEditor_J\TabularEditorTest\TabularEditorTest.csproj]
D:\PROJ\TabularEditor_J\TabularEditorTest\RegressionTests\Regression_2_8_5_tests.cs(52,10): error CS0246: The type or namespace name 'TestMethod' could not be found (are you missing a using directive or an assembly reference?) [D:\PROJ\TabularEditor_J\TabularEditorTest\TabularEditorTest.csproj]
D:\PROJ\TabularEditor_J\TabularEditorTest\ScriptEngineTests.cs(133,10): error CS0246: The type or namespace name 'TestMethodAttribute' could not be found (are you missing a using directive or an assembly reference?) [D:\PROJ\TabularEditor_J\TabularEditorTest\TabularEditorTest.csproj]
D:\PROJ\TabularEditor_J\TabularEditorTest\ScriptEngineTests.cs(133,10): error CS0246: The type or namespace name 'TestMethod' could not be found (are you missing a using directive or an assembly reference?) [D:\PROJ\TabularEditor_J\TabularEditorTest\TabularEditorTest.csproj]
D:\PROJ\TabularEditor_J\TabularEditorTest\CLITests.cs(109,10): error CS0246: The type or namespace name 'TestMethodAttribute' could not be found (are you missing a using directive or an assembly reference?) [D:\PROJ\TabularEditor_J\TabularEditorTest\TabularEditorTest.csproj]
D:\PROJ\TabularEditor_J\TabularEditorTest\RegressionTests\Regression_2_8_5_tests.cs(90,10): error CS0246: The type or namespace name 'TestMethodAttribute' could not be found (are you missing a using directive or an assembly reference?) [D:\PROJ\TabularEditor_J\TabularEditorTest\TabularEditorTest.csproj]
D:\PROJ\TabularEditor_J\TabularEditorTest\CLITests.cs(109,10): error CS0246: The type or namespace name 'TestMethod' could not be found (are you missing a using directive or an assembly reference?) [D:\PROJ\TabularEditor_J\TabularEditorTest\TabularEditorTest.csproj]
D:\PROJ\TabularEditor_J\TabularEditorTest\RegressionTests\Regression_2_8_5_tests.cs(90,10): error CS0246: The type or namespace name 'TestMethod' could not be found (are you missing a using directive or an assembly reference?) [D:\PROJ\TabularEditor_J\TabularEditorTest\TabularEditorTest.csproj]
D:\PROJ\TabularEditor_J\TabularEditorTest\RegressionTests\Regression_2_8_5_tests.cs(130,10): error CS0246: The type or namespace name 'TestMethodAttribute' could not be found (are you missing a using directive or an assembly reference?) [D:\PROJ\TabularEditor_J\TabularEditorTest\TabularEditorTest.csproj]
D:\PROJ\TabularEditor_J\TabularEditorTest\RegressionTests\Regression_2_8_5_tests.cs(130,10): error CS0246: The type or namespace name 'TestMethod' could not be found (are you missing a using directive or an assembly reference?) [D:\PROJ\TabularEditor_J\TabularEditorTest\TabularEditorTest.csproj]
D:\PROJ\TabularEditor_J\TabularEditorTest\CLITests.cs(117,10): error CS0246: The type or namespace name 'TestMethodAttribute' could not be found (are you missing a using directive or an assembly reference?) [D:\PROJ\TabularEditor_J\TabularEditorTest\TabularEditorTest.csproj]
D:\PROJ\TabularEditor_J\TabularEditorTest\CLITests.cs(117,10): error CS0246: The type or namespace name 'TestMethod' could not be found (are you missing a using directive or an assembly reference?) [D:\PROJ\TabularEditor_J\TabularEditorTest\TabularEditorTest.csproj]
D:\PROJ\TabularEditor_J\TabularEditorTest\UpdateServiceTests.cs(10,10): error CS0246: The type or namespace name 'TestMethodAttribute' could not be found (are you missing a using directive or an assembly reference?) [D:\PROJ\TabularEditor_J\TabularEditorTest\TabularEditorTest.csproj]
D:\PROJ\TabularEditor_J\TabularEditorTest\UpdateServiceTests.cs(10,10): error CS0246: The type or namespace name 'TestMethod' could not be found (are you missing a using directive or an assembly reference?) [D:\PROJ\TabularEditor_J\TabularEditorTest\TabularEditorTest.csproj]
D:\PROJ\TabularEditor_J\TabularEditorTest\RegressionTests\Regression_2_8_1_tests.cs(10,6): error CS0246: The type or namespace name 'TestClassAttribute' could not be found (are you missing a using directive or an assembly reference?) [D:\PROJ\TabularEditor_J\TabularEditorTest\TabularEditorTest.csproj]
D:\PROJ\TabularEditor_J\TabularEditorTest\RegressionTests\Regression_2_8_1_tests.cs(10,6): error CS0246: The type or namespace name 'TestClass' could not be found (are you missing a using directive or an assembly reference?) [D:\PROJ\TabularEditor_J\TabularEditorTest\TabularEditorTest.csproj]
D:\PROJ\TabularEditor_J\TabularEditorTest\CLITests.cs(128,10): error CS0246: The type or namespace name 'TestMethodAttribute' could not be found (are you missing a using directive or an assembly reference?) [D:\PROJ\TabularEditor_J\TabularEditorTest\TabularEditorTest.csproj]
D:\PROJ\TabularEditor_J\TabularEditorTest\CLITests.cs(128,10): error CS0246: The type or namespace name 'TestMethod' could not be found (are you missing a using directive or an assembly reference?) [D:\PROJ\TabularEditor_J\TabularEditorTest\TabularEditorTest.csproj]
D:\PROJ\TabularEditor_J\TabularEditorTest\ScriptHelperTests.cs(12,6): error CS0246: The type or namespace name 'TestClassAttribute' could not be found (are you missing a using directive or an assembly reference?) [D:\PROJ\TabularEditor_J\TabularEditorTest\TabularEditorTest.csproj]
D:\PROJ\TabularEditor_J\TabularEditorTest\ScriptHelperTests.cs(12,6): error CS0246: The type or namespace name 'TestClass' could not be found (are you missing a using directive or an assembly reference?) [D:\PROJ\TabularEditor_J\TabularEditorTest\TabularEditorTest.csproj]
D:\PROJ\TabularEditor_J\TabularEditorTest\CLITests.cs(145,10): error CS0246: The type or namespace name 'TestMethodAttribute' could not be found (are you missing a using directive or an assembly reference?) [D:\PROJ\TabularEditor_J\TabularEditorTest\TabularEditorTest.csproj]
D:\PROJ\TabularEditor_J\TabularEditorTest\CLITests.cs(145,10): error CS0246: The type or namespace name 'TestMethod' could not be found (are you missing a using directive or an assembly reference?) [D:\PROJ\TabularEditor_J\TabularEditorTest\TabularEditorTest.csproj]
D:\PROJ\TabularEditor_J\TabularEditorTest\BestPracticeAnalyzer\AnalyzerTests.cs(11,6): error CS0246: The type or namespace name 'TestClassAttribute' could not be found (are you missing a using directive or an assembly reference?) [D:\PROJ\TabularEditor_J\TabularEditorTest\TabularEditorTest.csproj]
D:\PROJ\TabularEditor_J\TabularEditorTest\BestPracticeAnalyzer\AnalyzerTests.cs(11,6): error CS0246: The type or namespace name 'TestClass' could not be found (are you missing a using directive or an assembly reference?) [D:\PROJ\TabularEditor_J\TabularEditorTest\TabularEditorTest.csproj]
D:\PROJ\TabularEditor_J\TabularEditorTest\CLITests.cs(160,10): error CS0246: The type or namespace name 'TestMethodAttribute' could not be found (are you missing a using directive or an assembly reference?) [D:\PROJ\TabularEditor_J\TabularEditorTest\TabularEditorTest.csproj]
D:\PROJ\TabularEditor_J\TabularEditorTest\CLITests.cs(160,10): error CS0246: The type or namespace name 'TestMethod' could not be found (are you missing a using directive or an assembly reference?) [D:\PROJ\TabularEditor_J\TabularEditorTest\TabularEditorTest.csproj]
D:\PROJ\TabularEditor_J\TabularEditorTest\ScriptParser\ScriptParserTests.cs(28,6): error CS0246: The type or namespace name 'TestClassAttribute' could not be found (are you missing a using directive or an assembly reference?) [D:\PROJ\TabularEditor_J\TabularEditorTest\TabularEditorTest.csproj]
D:\PROJ\TabularEditor_J\TabularEditorTest\ScriptParser\ScriptParserTests.cs(28,6): error CS0246: The type or namespace name 'TestClass' could not be found (are you missing a using directive or an assembly reference?) [D:\PROJ\TabularEditor_J\TabularEditorTest\TabularEditorTest.csproj]
D:\PROJ\TabularEditor_J\TabularEditorTest\BestPracticeAnalyzer\AnalyzerTests.cs(14,10): error CS0246: The type or namespace name 'TestMethodAttribute' could not be found (are you missing a using directive or an assembly reference?) [D:\PROJ\TabularEditor_J\TabularEditorTest\TabularEditorTest.csproj]
D:\PROJ\TabularEditor_J\TabularEditorTest\BestPracticeAnalyzer\AnalyzerTests.cs(14,10): error CS0246: The type or namespace name 'TestMethod' could not be found (are you missing a using directive or an assembly reference?) [D:\PROJ\TabularEditor_J\TabularEditorTest\TabularEditorTest.csproj]
D:\PROJ\TabularEditor_J\TabularEditorTest\BestPracticeAnalyzer\AnalyzerTests.cs(35,10): error CS0246: The type or namespace name 'TestMethodAttribute' could not be found (are you missing a using directive or an assembly reference?) [D:\PROJ\TabularEditor_J\TabularEditorTest\TabularEditorTest.csproj]
D:\PROJ\TabularEditor_J\TabularEditorTest\BestPracticeAnalyzer\AnalyzerTests.cs(35,10): error CS0246: The type or namespace name 'TestMethod' could not be found (are you missing a using directive or an assembly reference?) [D:\PROJ\TabularEditor_J\TabularEditorTest\TabularEditorTest.csproj]
D:\PROJ\TabularEditor_J\TabularEditorTest\RegressionTests\Regression_2_8_1_tests.cs(25,10): error CS0246: The type or namespace name 'TestMethodAttribute' could not be found (are you missing a using directive or an assembly reference?) [D:\PROJ\TabularEditor_J\TabularEditorTest\TabularEditorTest.csproj]
D:\PROJ\TabularEditor_J\TabularEditorTest\RegressionTests\Regression_2_8_1_tests.cs(25,10): error CS0246: The type or namespace name 'TestMethod' could not be found (are you missing a using directive or an assembly reference?) [D:\PROJ\TabularEditor_J\TabularEditorTest\TabularEditorTest.csproj]
D:\PROJ\TabularEditor_J\TabularEditorTest\BestPracticeAnalyzer\AnalyzerTests.cs(55,10): error CS0246: The type or namespace name 'TestMethodAttribute' could not be found (are you missing a using directive or an assembly reference?) [D:\PROJ\TabularEditor_J\TabularEditorTest\TabularEditorTest.csproj]
D:\PROJ\TabularEditor_J\TabularEditorTest\BestPracticeAnalyzer\AnalyzerTests.cs(55,10): error CS0246: The type or namespace name 'TestMethod' could not be found (are you missing a using directive or an assembly reference?) [D:\PROJ\TabularEditor_J\TabularEditorTest\TabularEditorTest.csproj]
D:\PROJ\TabularEditor_J\TabularEditorTest\ScriptParser\ScriptParserTests.cs(31,10): error CS0246: The type or namespace name 'TestMethodAttribute' could not be found (are you missing a using directive or an assembly reference?) [D:\PROJ\TabularEditor_J\TabularEditorTest\TabularEditorTest.csproj]
D:\PROJ\TabularEditor_J\TabularEditorTest\ScriptParser\ScriptParserTests.cs(31,10): error CS0246: The type or namespace name 'TestMethod' could not be found (are you missing a using directive or an assembly reference?) [D:\PROJ\TabularEditor_J\TabularEditorTest\TabularEditorTest.csproj]
D:\PROJ\TabularEditor_J\TabularEditorTest\BestPracticeAnalyzer\AnalyzerTests.cs(90,10): error CS0246: The type or namespace name 'TestMethodAttribute' could not be found (are you missing a using directive or an assembly reference?) [D:\PROJ\TabularEditor_J\TabularEditorTest\TabularEditorTest.csproj]
D:\PROJ\TabularEditor_J\TabularEditorTest\BestPracticeAnalyzer\AnalyzerTests.cs(90,10): error CS0246: The type or namespace name 'TestMethod' could not be found (are you missing a using directive or an assembly reference?) [D:\PROJ\TabularEditor_J\TabularEditorTest\TabularEditorTest.csproj]
D:\PROJ\TabularEditor_J\TabularEditorTest\ScriptHelperTests.cs(15,10): error CS0246: The type or namespace name 'TestMethodAttribute' could not be found (are you missing a using directive or an assembly reference?) [D:\PROJ\TabularEditor_J\TabularEditorTest\TabularEditorTest.csproj]
D:\PROJ\TabularEditor_J\TabularEditorTest\ScriptHelperTests.cs(15,10): error CS0246: The type or namespace name 'TestMethod' could not be found (are you missing a using directive or an assembly reference?) [D:\PROJ\TabularEditor_J\TabularEditorTest\TabularEditorTest.csproj]
D:\PROJ\TabularEditor_J\TabularEditorTest\ScriptParser\ScriptParserTests.cs(44,10): error CS0246: The type or namespace name 'TestMethodAttribute' could not be found (are you missing a using directive or an assembly reference?) [D:\PROJ\TabularEditor_J\TabularEditorTest\TabularEditorTest.csproj]
D:\PROJ\TabularEditor_J\TabularEditorTest\ScriptParser\ScriptParserTests.cs(44,10): error CS0246: The type or namespace name 'TestMethod' could not be found (are you missing a using directive or an assembly reference?) [D:\PROJ\TabularEditor_J\TabularEditorTest\TabularEditorTest.csproj]
D:\PROJ\TabularEditor_J\TabularEditorTest\BestPracticeAnalyzer\AnalyzerTests.cs(110,10): error CS0246: The type or namespace name 'TestMethodAttribute' could not be found (are you missing a using directive or an assembly reference?) [D:\PROJ\TabularEditor_J\TabularEditorTest\TabularEditorTest.csproj]
D:\PROJ\TabularEditor_J\TabularEditorTest\BestPracticeAnalyzer\AnalyzerTests.cs(110,10): error CS0246: The type or namespace name 'TestMethod' could not be found (are you missing a using directive or an assembly reference?) [D:\PROJ\TabularEditor_J\TabularEditorTest\TabularEditorTest.csproj]
D:\PROJ\TabularEditor_J\TabularEditorTest\ScriptParser\ScriptParserTests.cs(52,10): error CS0246: The type or namespace name 'TestMethodAttribute' could not be found (are you missing a using directive or an assembly reference?) [D:\PROJ\TabularEditor_J\TabularEditorTest\TabularEditorTest.csproj]
D:\PROJ\TabularEditor_J\TabularEditorTest\ScriptParser\ScriptParserTests.cs(52,10): error CS0246: The type or namespace name 'TestMethod' could not be found (are you missing a using directive or an assembly reference?) [D:\PROJ\TabularEditor_J\TabularEditorTest\TabularEditorTest.csproj]
D:\PROJ\TabularEditor_J\TabularEditorTest\BestPracticeAnalyzer\AnalyzerTests.cs(131,10): error CS0246: The type or namespace name 'TestMethodAttribute' could not be found (are you missing a using directive or an assembly reference?) [D:\PROJ\TabularEditor_J\TabularEditorTest\TabularEditorTest.csproj]
D:\PROJ\TabularEditor_J\TabularEditorTest\BestPracticeAnalyzer\AnalyzerTests.cs(131,10): error CS0246: The type or namespace name 'TestMethod' could not be found (are you missing a using directive or an assembly reference?) [D:\PROJ\TabularEditor_J\TabularEditorTest\TabularEditorTest.csproj]
D:\PROJ\TabularEditor_J\TabularEditorTest\ScriptHelperTests.cs(50,10): error CS0246: The type or namespace name 'TestMethodAttribute' could not be found (are you missing a using directive or an assembly reference?) [D:\PROJ\TabularEditor_J\TabularEditorTest\TabularEditorTest.csproj]
D:\PROJ\TabularEditor_J\TabularEditorTest\ScriptHelperTests.cs(50,10): error CS0246: The type or namespace name 'TestMethod' could not be found (are you missing a using directive or an assembly reference?) [D:\PROJ\TabularEditor_J\TabularEditorTest\TabularEditorTest.csproj]
D:\PROJ\TabularEditor_J\TabularEditorTest\ScriptParser\ScriptParserTests.cs(65,10): error CS0246: The type or namespace name 'TestMethodAttribute' could not be found (are you missing a using directive or an assembly reference?) [D:\PROJ\TabularEditor_J\TabularEditorTest\TabularEditorTest.csproj]
D:\PROJ\TabularEditor_J\TabularEditorTest\ScriptParser\ScriptParserTests.cs(65,10): error CS0246: The type or namespace name 'TestMethod' could not be found (are you missing a using directive or an assembly reference?) [D:\PROJ\TabularEditor_J\TabularEditorTest\TabularEditorTest.csproj]
D:\PROJ\TabularEditor_J\TabularEditorTest\ScriptParser\ScriptParserTests.cs(72,10): error CS0246: The type or namespace name 'TestMethodAttribute' could not be found (are you missing a using directive or an assembly reference?) [D:\PROJ\TabularEditor_J\TabularEditorTest\TabularEditorTest.csproj]
D:\PROJ\TabularEditor_J\TabularEditorTest\ScriptParser\ScriptParserTests.cs(72,10): error CS0246: The type or namespace name 'TestMethod' could not be found (are you missing a using directive or an assembly reference?) [D:\PROJ\TabularEditor_J\TabularEditorTest\TabularEditorTest.csproj]
D:\PROJ\TabularEditor_J\TabularEditorTest\ScriptHelperTests.cs(103,10): error CS0246: The type or namespace name 'TestMethodAttribute' could not be found (are you missing a using directive or an assembly reference?) [D:\PROJ\TabularEditor_J\TabularEditorTest\TabularEditorTest.csproj]
D:\PROJ\TabularEditor_J\TabularEditorTest\ScriptHelperTests.cs(103,10): error CS0246: The type or namespace name 'TestMethod' could not be found (are you missing a using directive or an assembly reference?) [D:\PROJ\TabularEditor_J\TabularEditorTest\TabularEditorTest.csproj]
D:\PROJ\TabularEditor_J\TabularEditorTest\ScriptParser\ScriptParserTests.cs(81,10): error CS0246: The type or namespace name 'TestMethodAttribute' could not be found (are you missing a using directive or an assembly reference?) [D:\PROJ\TabularEditor_J\TabularEditorTest\TabularEditorTest.csproj]
D:\PROJ\TabularEditor_J\TabularEditorTest\ScriptParser\ScriptParserTests.cs(81,10): error CS0246: The type or namespace name 'TestMethod' could not be found (are you missing a using directive or an assembly reference?) [D:\PROJ\TabularEditor_J\TabularEditorTest\TabularEditorTest.csproj]
D:\PROJ\TabularEditor_J\TabularEditorTest\ScriptHelperTests.cs(120,10): error CS0246: The type or namespace name 'TestMethodAttribute' could not be found (are you missing a using directive or an assembly reference?) [D:\PROJ\TabularEditor_J\TabularEditorTest\TabularEditorTest.csproj]
D:\PROJ\TabularEditor_J\TabularEditorTest\ScriptHelperTests.cs(120,10): error CS0246: The type or namespace name 'TestMethod' could not be found (are you missing a using directive or an assembly reference?) [D:\PROJ\TabularEditor_J\TabularEditorTest\TabularEditorTest.csproj]
D:\PROJ\TabularEditor_J\TabularEditorTest\ScriptParser\ScriptParserTests.cs(91,10): error CS0246: The type or namespace name 'TestMethodAttribute' could not be found (are you missing a using directive or an assembly reference?) [D:\PROJ\TabularEditor_J\TabularEditorTest\TabularEditorTest.csproj]
D:\PROJ\TabularEditor_J\TabularEditorTest\ScriptParser\ScriptParserTests.cs(91,10): error CS0246: The type or namespace name 'TestMethod' could not be found (are you missing a using directive or an assembly reference?) [D:\PROJ\TabularEditor_J\TabularEditorTest\TabularEditorTest.csproj]
